******************************************************************************
             TMS320C2000 Linker PC v6.1.0                      
******************************************************************************
>> Linked Wed Jun 02 21:39:53 2021

OUTPUT FILE NAME:   <Example_2833xGpioToggle.out>
ENTRY POINT SYMBOL: "_c_int00"  address: 000099ec


MEMORY CONFIGURATION

         name            origin    length      used     unused   attr    fill
----------------------  --------  ---------  --------  --------  ----  --------
PAGE 0:
  BEGIN                 00000000   00000002  00000002  00000000  RWIX
  RAMM0                 00000050   000003b0  00000000  000003b0  RWIX
  RAML0                 00008000   00001000  000000a4  00000f5c  RWIX
  RAML1                 00009000   00001000  00000b25  000004db  RWIX
  RAML2                 0000a000   00001000  00000000  00001000  RWIX
  RAML3                 0000b000   00001000  00000000  00001000  RWIX
  ZONE7A                00200000   0000fc00  00000000  0000fc00  RWIX
  CSM_RSVD              0033ff80   00000076  00000000  00000076  RWIX
  CSM_PWL               0033fff8   00000008  00000000  00000008  RWIX
  ADC_CAL               00380080   00000009  00000007  00000002  RWIX
  IQTABLES              003fe000   00000b50  00000000  00000b50  RWIX
  IQTABLES2             003feb50   0000008c  00000000  0000008c  RWIX
  FPUTABLES             003febdc   000006a0  00000000  000006a0  RWIX
  BOOTROM               003ff27c   00000d44  00000000  00000d44  RWIX
  RESET                 003fffc0   00000002  00000000  00000002  RWIX

PAGE 1:
  BOOT_RSVD             00000002   0000004e  00000000  0000004e  RWIX
  RAMM1                 00000400   00000400  00000200  00000200  RWIX
  DEV_EMU               00000880   00000180  000000d0  000000b0  RWIX
  FLASH_REGS            00000a80   00000060  00000008  00000058  RWIX
  CSM                   00000ae0   00000010  00000010  00000000  RWIX
  ADC_MIRROR            00000b00   00000010  00000010  00000000  RWIX
  XINTF                 00000b20   00000020  0000001e  00000002  RWIX
  CPU_TIMER0            00000c00   00000008  00000008  00000000  RWIX
  CPU_TIMER1            00000c08   00000008  00000008  00000000  RWIX
  CPU_TIMER2            00000c10   00000008  00000008  00000000  RWIX
  PIE_CTRL              00000ce0   00000020  0000001a  00000006  RWIX
  PIE_VECT              00000d00   00000100  00000100  00000000  RWIX
  DMA                   00001000   00000200  000000e0  00000120  RWIX
  MCBSPA                00005000   00000040  00000025  0000001b  RWIX
  MCBSPB                00005040   00000040  00000025  0000001b  RWIX
  ECANA                 00006000   00000040  00000034  0000000c  RWIX
  ECANA_LAM             00006040   00000040  00000040  00000000  RWIX
  ECANA_MOTS            00006080   00000040  00000040  00000000  RWIX
  ECANA_MOTO            000060c0   00000040  00000040  00000000  RWIX
  ECANA_MBOX            00006100   00000100  00000100  00000000  RWIX
  ECANB                 00006200   00000040  00000034  0000000c  RWIX
  ECANB_LAM             00006240   00000040  00000040  00000000  RWIX
  ECANB_MOTS            00006280   00000040  00000040  00000000  RWIX
  ECANB_MOTO            000062c0   00000040  00000040  00000000  RWIX
  ECANB_MBOX            00006300   00000100  00000100  00000000  RWIX
  EPWM1                 00006800   00000022  00000022  00000000  RWIX
  EPWM2                 00006840   00000022  00000022  00000000  RWIX
  EPWM3                 00006880   00000022  00000022  00000000  RWIX
  EPWM4                 000068c0   00000022  00000022  00000000  RWIX
  EPWM5                 00006900   00000022  00000022  00000000  RWIX
  EPWM6                 00006940   00000022  00000022  00000000  RWIX
  ECAP1                 00006a00   00000020  00000020  00000000  RWIX
  ECAP2                 00006a20   00000020  00000020  00000000  RWIX
  ECAP3                 00006a40   00000020  00000020  00000000  RWIX
  ECAP4                 00006a60   00000020  00000020  00000000  RWIX
  ECAP5                 00006a80   00000020  00000020  00000000  RWIX
  ECAP6                 00006aa0   00000020  00000020  00000000  RWIX
  EQEP1                 00006b00   00000040  00000040  00000000  RWIX
  EQEP2                 00006b40   00000040  00000040  00000000  RWIX
  GPIOCTRL              00006f80   00000040  0000002e  00000012  RWIX
  GPIODAT               00006fc0   00000020  00000020  00000000  RWIX
  GPIOINT               00006fe0   00000020  0000000a  00000016  RWIX
  SYSTEM                00007010   00000020  00000020  00000000  RWIX
  SPIA                  00007040   00000010  00000010  00000000  RWIX
  SCIA                  00007050   00000010  00000010  00000000  RWIX
  XINTRUPT              00007070   00000010  00000010  00000000  RWIX
  ADC                   00007100   00000020  0000001e  00000002  RWIX
  SCIB                  00007750   00000010  00000010  00000000  RWIX
  SCIC                  00007770   00000010  00000010  00000000  RWIX
  I2CA                  00007900   00000040  00000022  0000001e  RWIX
  RAML4                 0000c000   00001000  00000124  00000edc  RWIX
  RAML5                 0000d000   00001000  0000019c  00000e64  RWIX
  RAML6                 0000e000   00001000  00000000  00001000  RWIX
  RAML7                 0000f000   00001000  00000000  00001000  RWIX
  ZONE7B                0020fc00   00000400  00000000  00000400  RWIX
  CSM_PWL               0033fff8   00000008  00000008  00000000  RWIX
  PARTID                00380090   00000001  00000001  00000000  RWIX


SECTION ALLOCATION MAP

 output                                  attributes/
section   page    origin      length       input sections
--------  ----  ----------  ----------   ----------------
codestart 
*          0    00000000    00000002     
                  00000000    00000002     DSP2833x_CodeStartBranch.obj (codestart)

.pinit     0    00008000    00000000     UNINITIALIZED

.cinit     0    00008000    00000085     
                  00008000    0000006f     Safe.obj (.cinit)
                  0000806f    0000000a     rts2800_fpu32.lib : _lock.obj (.cinit)
                  00008079    0000000a                       : exit.obj (.cinit)
                  00008083    00000002     --HOLE-- [fill = 0]

ramfuncs   0    00008085    0000001f     
                  00008085    0000001b     DSP2833x_SysCtrl.obj (ramfuncs)
                  000080a0    00000004     DSP2833x_usDelay.obj (ramfuncs)

.text      0    00009000    00000b25     
                  00009000    00000368     Safe.obj (.text)
                  00009368    00000316     DSP2833x_DefaultIsr.obj (.text:retain)
                  0000967e    000000f3     DSP2833x_SysCtrl.obj (.text)
                  00009771    0000009c     rts2800_fpu32.lib : fd_add.obj (.text)
                  0000980d    0000008b                       : fd_div.obj (.text)
                  00009898    00000083                       : fd_mpy.obj (.text)
                  0000991b    0000007c     DSP2833x_CpuTimers.obj (.text)
                  00009997    00000055     Safe.obj (.text:retain)
                  000099ec    00000046     rts2800_fpu32.lib : boot.obj (.text)
                  00009a32    00000028     DSP2833x_PieCtrl.obj (.text)
                  00009a5a    00000022     rts2800_fpu32.lib : i_div.obj (.text)
                  00009a7c    00000020     DSP2833x_PieVect.obj (.text)
                  00009a9c    0000001d     rts2800_fpu32.lib : i_tofd.obj (.text)
                  00009ab9    0000001b                       : fd_toul.obj (.text)
                  00009ad4    00000019                       : args_main.obj (.text)
                  00009aed    00000019                       : exit.obj (.text)
                  00009b06    0000000e                       : fd_sub.obj (.text)
                  00009b14    00000009                       : _lock.obj (.text)
                  00009b1d    00000008     DSP2833x_CodeStartBranch.obj (.text)

csm_rsvd   0    0033ff80    00000000     DSECT

csmpasswds 
*          0    0033fff8    00000000     DSECT

.adc_cal   0    00380080    00000007     NOLOAD SECTION
                  00380080    00000007     DSP2833x_ADC_cal.obj (.adc_cal)

.reset     0    003fffc0    00000002     DSECT
                  003fffc0    00000002     rts2800_fpu32.lib : boot.obj (.reset)

.stack     1    00000400    00000200     UNINITIALIZED
                  00000400    00000200     --HOLE--

DevEmuRegsFile 
*          1    00000880    000000d0     UNINITIALIZED
                  00000880    000000d0     DSP2833x_GlobalVariableDefs.obj (DevEmuRegsFile)

FlashRegsFile 
*          1    00000a80    00000008     UNINITIALIZED
                  00000a80    00000008     DSP2833x_GlobalVariableDefs.obj (FlashRegsFile)

CsmRegsFile 
*          1    00000ae0    00000010     UNINITIALIZED
                  00000ae0    00000010     DSP2833x_GlobalVariableDefs.obj (CsmRegsFile)

AdcMirrorFile 
*          1    00000b00    00000010     UNINITIALIZED
                  00000b00    00000010     DSP2833x_GlobalVariableDefs.obj (AdcMirrorFile)

XintfRegsFile 
*          1    00000b20    0000001e     UNINITIALIZED
                  00000b20    0000001e     DSP2833x_GlobalVariableDefs.obj (XintfRegsFile)

CpuTimer0RegsFile 
*          1    00000c00    00000008     UNINITIALIZED
                  00000c00    00000008     DSP2833x_GlobalVariableDefs.obj (CpuTimer0RegsFile)

CpuTimer1RegsFile 
*          1    00000c08    00000008     UNINITIALIZED
                  00000c08    00000008     DSP2833x_GlobalVariableDefs.obj (CpuTimer1RegsFile)

CpuTimer2RegsFile 
*          1    00000c10    00000008     UNINITIALIZED
                  00000c10    00000008     DSP2833x_GlobalVariableDefs.obj (CpuTimer2RegsFile)

PieCtrlRegsFile 
*          1    00000ce0    0000001a     UNINITIALIZED
                  00000ce0    0000001a     DSP2833x_GlobalVariableDefs.obj (PieCtrlRegsFile)

PieVectTableFile 
*          1    00000d00    00000100     UNINITIALIZED
                  00000d00    00000100     DSP2833x_GlobalVariableDefs.obj (PieVectTableFile)

DmaRegsFile 
*          1    00001000    000000e0     UNINITIALIZED
                  00001000    000000e0     DSP2833x_GlobalVariableDefs.obj (DmaRegsFile)

McbspaRegsFile 
*          1    00005000    00000025     UNINITIALIZED
                  00005000    00000025     DSP2833x_GlobalVariableDefs.obj (McbspaRegsFile)

McbspbRegsFile 
*          1    00005040    00000025     UNINITIALIZED
                  00005040    00000025     DSP2833x_GlobalVariableDefs.obj (McbspbRegsFile)

ECanaRegsFile 
*          1    00006000    00000034     UNINITIALIZED
                  00006000    00000034     DSP2833x_GlobalVariableDefs.obj (ECanaRegsFile)

ECanaLAMRegsFile 
*          1    00006040    00000040     UNINITIALIZED
                  00006040    00000040     DSP2833x_GlobalVariableDefs.obj (ECanaLAMRegsFile)

ECanaMOTSRegsFile 
*          1    00006080    00000040     UNINITIALIZED
                  00006080    00000040     DSP2833x_GlobalVariableDefs.obj (ECanaMOTSRegsFile)

ECanaMOTORegsFile 
*          1    000060c0    00000040     UNINITIALIZED
                  000060c0    00000040     DSP2833x_GlobalVariableDefs.obj (ECanaMOTORegsFile)

ECanaMboxesFile 
*          1    00006100    00000100     UNINITIALIZED
                  00006100    00000100     DSP2833x_GlobalVariableDefs.obj (ECanaMboxesFile)

ECanbRegsFile 
*          1    00006200    00000034     UNINITIALIZED
                  00006200    00000034     DSP2833x_GlobalVariableDefs.obj (ECanbRegsFile)

ECanbLAMRegsFile 
*          1    00006240    00000040     UNINITIALIZED
                  00006240    00000040     DSP2833x_GlobalVariableDefs.obj (ECanbLAMRegsFile)

ECanbMOTSRegsFile 
*          1    00006280    00000040     UNINITIALIZED
                  00006280    00000040     DSP2833x_GlobalVariableDefs.obj (ECanbMOTSRegsFile)

ECanbMOTORegsFile 
*          1    000062c0    00000040     UNINITIALIZED
                  000062c0    00000040     DSP2833x_GlobalVariableDefs.obj (ECanbMOTORegsFile)

ECanbMboxesFile 
*          1    00006300    00000100     UNINITIALIZED
                  00006300    00000100     DSP2833x_GlobalVariableDefs.obj (ECanbMboxesFile)

EPwm1RegsFile 
*          1    00006800    00000022     UNINITIALIZED
                  00006800    00000022     DSP2833x_GlobalVariableDefs.obj (EPwm1RegsFile)

EPwm2RegsFile 
*          1    00006840    00000022     UNINITIALIZED
                  00006840    00000022     DSP2833x_GlobalVariableDefs.obj (EPwm2RegsFile)

EPwm3RegsFile 
*          1    00006880    00000022     UNINITIALIZED
                  00006880    00000022     DSP2833x_GlobalVariableDefs.obj (EPwm3RegsFile)

EPwm4RegsFile 
*          1    000068c0    00000022     UNINITIALIZED
                  000068c0    00000022     DSP2833x_GlobalVariableDefs.obj (EPwm4RegsFile)

EPwm5RegsFile 
*          1    00006900    00000022     UNINITIALIZED
                  00006900    00000022     DSP2833x_GlobalVariableDefs.obj (EPwm5RegsFile)

EPwm6RegsFile 
*          1    00006940    00000022     UNINITIALIZED
                  00006940    00000022     DSP2833x_GlobalVariableDefs.obj (EPwm6RegsFile)

ECap1RegsFile 
*          1    00006a00    00000020     UNINITIALIZED
                  00006a00    00000020     DSP2833x_GlobalVariableDefs.obj (ECap1RegsFile)

ECap2RegsFile 
*          1    00006a20    00000020     UNINITIALIZED
                  00006a20    00000020     DSP2833x_GlobalVariableDefs.obj (ECap2RegsFile)

ECap3RegsFile 
*          1    00006a40    00000020     UNINITIALIZED
                  00006a40    00000020     DSP2833x_GlobalVariableDefs.obj (ECap3RegsFile)

ECap4RegsFile 
*          1    00006a60    00000020     UNINITIALIZED
                  00006a60    00000020     DSP2833x_GlobalVariableDefs.obj (ECap4RegsFile)

ECap5RegsFile 
*          1    00006a80    00000020     UNINITIALIZED
                  00006a80    00000020     DSP2833x_GlobalVariableDefs.obj (ECap5RegsFile)

ECap6RegsFile 
*          1    00006aa0    00000020     UNINITIALIZED
                  00006aa0    00000020     DSP2833x_GlobalVariableDefs.obj (ECap6RegsFile)

EQep1RegsFile 
*          1    00006b00    00000040     UNINITIALIZED
                  00006b00    00000040     DSP2833x_GlobalVariableDefs.obj (EQep1RegsFile)

EQep2RegsFile 
*          1    00006b40    00000040     UNINITIALIZED
                  00006b40    00000040     DSP2833x_GlobalVariableDefs.obj (EQep2RegsFile)

GpioCtrlRegsFile 
*          1    00006f80    0000002e     UNINITIALIZED
                  00006f80    0000002e     DSP2833x_GlobalVariableDefs.obj (GpioCtrlRegsFile)

GpioDataRegsFile 
*          1    00006fc0    00000020     UNINITIALIZED
                  00006fc0    00000020     DSP2833x_GlobalVariableDefs.obj (GpioDataRegsFile)

GpioIntRegsFile 
*          1    00006fe0    0000000a     UNINITIALIZED
                  00006fe0    0000000a     DSP2833x_GlobalVariableDefs.obj (GpioIntRegsFile)

SysCtrlRegsFile 
*          1    00007010    00000020     UNINITIALIZED
                  00007010    00000020     DSP2833x_GlobalVariableDefs.obj (SysCtrlRegsFile)

SpiaRegsFile 
*          1    00007040    00000010     UNINITIALIZED
                  00007040    00000010     DSP2833x_GlobalVariableDefs.obj (SpiaRegsFile)

SciaRegsFile 
*          1    00007050    00000010     UNINITIALIZED
                  00007050    00000010     DSP2833x_GlobalVariableDefs.obj (SciaRegsFile)

XIntruptRegsFile 
*          1    00007070    00000010     UNINITIALIZED
                  00007070    00000010     DSP2833x_GlobalVariableDefs.obj (XIntruptRegsFile)

AdcRegsFile 
*          1    00007100    0000001e     UNINITIALIZED
                  00007100    0000001e     DSP2833x_GlobalVariableDefs.obj (AdcRegsFile)

ScibRegsFile 
*          1    00007750    00000010     UNINITIALIZED
                  00007750    00000010     DSP2833x_GlobalVariableDefs.obj (ScibRegsFile)

ScicRegsFile 
*          1    00007770    00000010     UNINITIALIZED
                  00007770    00000010     DSP2833x_GlobalVariableDefs.obj (ScicRegsFile)

I2caRegsFile 
*          1    00007900    00000022     UNINITIALIZED
                  00007900    00000022     DSP2833x_GlobalVariableDefs.obj (I2caRegsFile)

.ebss      1    0000c000    00000124     UNINITIALIZED
                  0000c000    00000104     Safe.obj (.ebss)
                  0000c104    00000018     DSP2833x_CpuTimers.obj (.ebss)
                  0000c11c    00000004     rts2800_fpu32.lib : _lock.obj (.ebss)
                  0000c120    00000004                       : exit.obj (.ebss)

.econst    1    0000d000    0000019c     
                  0000d000    00000100     DSP2833x_PieVect.obj (.econst)
                  0000d100    00000011     Safe.obj (.econst:_EmptyLine)
                  0000d111    00000011     Safe.obj (.econst:_Entered_Correct_Code)
                  0000d122    00000011     Safe.obj (.econst:_Entered_Wrong_Code_1stline)
                  0000d133    00000011     Safe.obj (.econst:_Entered_Wrong_Code_2ndline)
                  0000d144    00000011     Safe.obj (.econst:_change_code_string)
                  0000d155    00000011     Safe.obj (.econst:_change_code_string_2ndline)
                  0000d166    00000011     Safe.obj (.econst:_enter_new_code)
                  0000d177    00000011     Safe.obj (.econst:_no_digits)
                  0000d188    00000010     Safe.obj (.econst)
                  0000d198    00000004     Safe.obj (.econst:_LcdInitStr$2)

CsmPwlFile 
*          1    0033fff8    00000008     UNINITIALIZED
                  0033fff8    00000008     DSP2833x_GlobalVariableDefs.obj (CsmPwlFile)

PartIdRegsFile 
*          1    00380090    00000001     UNINITIALIZED
                  00380090    00000001     DSP2833x_GlobalVariableDefs.obj (PartIdRegsFile)


GLOBAL SYMBOLS: SORTED ALPHABETICALLY BY Name 

address    name
--------   ----
00009000   .text
00009aed   C$$EXIT
00009771   FD$$ADD
0000980d   FD$$DIV
00009898   FD$$MPY
00009b06   FD$$SUB
00009ab9   FD$$TOUL
00009a5a   I$$DIV
00009a6b   I$$MOD
00009a9c   I$$TOFD
0000944e   _ADCINT_ISR
00380080   _ADC_cal
00000b00   _AdcMirror
00007100   _AdcRegs
00009206   _ConfigAndInstallKBInt
0000995c   _ConfigCpuTimer
0000c114   _CpuTimer0
00000c00   _CpuTimer0Regs
0000c104   _CpuTimer1
00000c08   _CpuTimer1Regs
0000c10c   _CpuTimer2
00000c10   _CpuTimer2Regs
0033fff8   _CsmPwl
00000ae0   _CsmRegs
00009740   _CsmUnlock
0000937c   _DATALOG_ISR
00009570   _DINTCH1_ISR
0000957a   _DINTCH2_ISR
00009584   _DINTCH3_ISR
0000958e   _DINTCH4_ISR
00009598   _DINTCH5_ISR
000095a2   _DINTCH6_ISR
000080a0   _DSP28x_usDelay
00000880   _DevEmuRegs
00009691   _DisableDog
00001000   _DmaRegs
000095fc   _ECAN0INTA_ISR
00009610   _ECAN0INTB_ISR
00009606   _ECAN1INTA_ISR
0000961a   _ECAN1INTB_ISR
000094e4   _ECAP1_INT_ISR
000094ee   _ECAP2_INT_ISR
000094f8   _ECAP3_INT_ISR
00009502   _ECAP4_INT_ISR
0000950c   _ECAP5_INT_ISR
00009516   _ECAP6_INT_ISR
00006040   _ECanaLAMRegs
000060c0   _ECanaMOTORegs
00006080   _ECanaMOTSRegs
00006100   _ECanaMboxes
00006000   _ECanaRegs
00006240   _ECanbLAMRegs
000062c0   _ECanbMOTORegs
00006280   _ECanbMOTSRegs
00006300   _ECanbMboxes
00006200   _ECanbRegs
00006a00   _ECap1Regs
00006a20   _ECap2Regs
00006a40   _ECap3Regs
00006a60   _ECap4Regs
00006a80   _ECap5Regs
00006aa0   _ECap6Regs
00009390   _EMUINT_ISR
000094a8   _EPWM1_INT_ISR
0000946c   _EPWM1_TZINT_ISR
000094b2   _EPWM2_INT_ISR
00009476   _EPWM2_TZINT_ISR
000094bc   _EPWM3_INT_ISR
00009480   _EPWM3_TZINT_ISR
000094c6   _EPWM4_INT_ISR
0000948a   _EPWM4_TZINT_ISR
000094d0   _EPWM5_INT_ISR
00009494   _EPWM5_TZINT_ISR
000094da   _EPWM6_INT_ISR
0000949e   _EPWM6_TZINT_ISR
00006800   _EPwm1Regs
00006840   _EPwm2Regs
00006880   _EPwm3Regs
000068c0   _EPwm4Regs
00006900   _EPwm5Regs
00006940   _EPwm6Regs
00009520   _EQEP1_INT_ISR
0000952a   _EQEP2_INT_ISR
00006b00   _EQep1Regs
00006b40   _EQep2Regs
00009a51   _EnableInterrupts
00000a80   _FlashRegs
00006f80   _GpioCtrlRegs
00006fc0   _GpioDataRegs
00006fe0   _GpioIntRegs
0000917b   _Gpio_select
000095ac   _I2CINT1A_ISR
000095b6   _I2CINT2A_ISR
00007900   _I2caRegs
000093a4   _ILLEGAL_ISR
00009368   _INT13_ISR
00009372   _INT14_ISR
0000991b   _InitCpuTimers
00008085   _InitFlash
000096e5   _InitPeripheralClocks
00009a32   _InitPieCtrl
00009a7c   _InitPieVectTable
00009699   _InitPll
0000967e   _InitSysCtrl
0000c040   _KBCyclicBuffer
00009293   _LCD_Backlight
00009277   _LCD_Blink
000092c7   _LCD_Clear
00009259   _LCD_Control
00009268   _LCD_Enable
00009338   _LCD_GoTo
00009300   _LCD_Home
000092dd   _LCD_Init
00009316   _LCD_OnOff
000092b2   _LCD_Print
00009355   _LCD_PrintLine
00009299   _LCD_Putc
00009286   _LCD_WriteData
00009660   _LUF_ISR
00009656   _LVF_ISR
0000955c   _MRINTA_ISR
00009548   _MRINTB_ISR
00009566   _MXINTA_ISR
00009552   _MXINTB_ISR
00005000   _McbspaRegs
00005040   _McbspbRegs
0000939a   _NMI_ISR
0000966a   _PIE_RESERVED
00380090   _PartIdRegs
00000ce0   _PieCtrlRegs
00000d00   _PieVectTable
0000d000   _PieVectTableInit
000091e1   _PushButtonRead
00009386   _RTOSINT_ISR
000091a5   _ReadFromKB
000095d4   _SCIRXINTA_ISR
000095e8   _SCIRXINTB_ISR
000095c0   _SCIRXINTC_ISR
000095de   _SCITXINTA_ISR
000095f2   _SCITXINTB_ISR
000095ca   _SCITXINTC_ISR
00009426   _SEQ1INT_ISR
00009430   _SEQ2INT_ISR
00009534   _SPIRXINTA_ISR
0000953e   _SPITXINTA_ISR
00007050   _SciaRegs
00007750   _ScibRegs
00007770   _ScicRegs
00009687   _ServiceDog
00007040   _SpiaRegs
00007010   _SysCtrlRegs
00009458   _TINT0_ISR
00009408   _USER10_ISR
00009412   _USER11_ISR
0000941c   _USER12_ISR
000093ae   _USER1_ISR
000093b8   _USER2_ISR
000093c2   _USER3_ISR
000093cc   _USER4_ISR
000093d6   _USER5_ISR
000093e0   _USER6_ISR
000093ea   _USER7_ISR
000093f4   _USER8_ISR
000093fe   _USER9_ISR
00009462   _WAKEINT_ISR
0000943a   _XINT1_ISR
00009444   _XINT2_ISR
00009624   _XINT3_ISR
0000962e   _XINT4_ISR
00009638   _XINT5_ISR
00009642   _XINT6_ISR
0000964c   _XINT7_ISR
00007070   _XIntruptRegs
000099ad   _Xint3456_isr
00000b20   _XintfRegs
00000600   __STACK_END
00000200   __STACK_SIZE
00000001   __TI_args_main
ffffffff   ___binit__
ffffffff   ___c_args__
00008000   ___cinit__
00009b25   ___etext__
ffffffff   ___pinit__
00009000   ___text__
00009ad4   __args_main
0000c120   __cleanup_ptr
0000c122   __dtors_ptr
0000c11e   __lock
00009b1c   __nop
00009b18   __register_lock
00009b14   __register_unlock
00000400   __stack
0000c11c   __unlock
00009aed   _abort
000099ec   _c_int00
0000918d   _correct_beep
00009997   _cpu_timer0_isr
00009140   _delay_ms
00009aef   _exit
00009025   _main
00009674   _rsvd_ISR
0000c0c0   _string_array
0000c000   _temp
0000c005   _welcome
00009192   _wrong_beep
ffffffff   binit
00008000   cinit
00000000   code_start
00009b25   etext
ffffffff   pinit


GLOBAL SYMBOLS: SORTED BY Symbol Address 

address    name
--------   ----
00000000   code_start
00000001   __TI_args_main
00000200   __STACK_SIZE
00000400   __stack
00000600   __STACK_END
00000880   _DevEmuRegs
00000a80   _FlashRegs
00000ae0   _CsmRegs
00000b00   _AdcMirror
00000b20   _XintfRegs
00000c00   _CpuTimer0Regs
00000c08   _CpuTimer1Regs
00000c10   _CpuTimer2Regs
00000ce0   _PieCtrlRegs
00000d00   _PieVectTable
00001000   _DmaRegs
00005000   _McbspaRegs
00005040   _McbspbRegs
00006000   _ECanaRegs
00006040   _ECanaLAMRegs
00006080   _ECanaMOTSRegs
000060c0   _ECanaMOTORegs
00006100   _ECanaMboxes
00006200   _ECanbRegs
00006240   _ECanbLAMRegs
00006280   _ECanbMOTSRegs
000062c0   _ECanbMOTORegs
00006300   _ECanbMboxes
00006800   _EPwm1Regs
00006840   _EPwm2Regs
00006880   _EPwm3Regs
000068c0   _EPwm4Regs
00006900   _EPwm5Regs
00006940   _EPwm6Regs
00006a00   _ECap1Regs
00006a20   _ECap2Regs
00006a40   _ECap3Regs
00006a60   _ECap4Regs
00006a80   _ECap5Regs
00006aa0   _ECap6Regs
00006b00   _EQep1Regs
00006b40   _EQep2Regs
00006f80   _GpioCtrlRegs
00006fc0   _GpioDataRegs
00006fe0   _GpioIntRegs
00007010   _SysCtrlRegs
00007040   _SpiaRegs
00007050   _SciaRegs
00007070   _XIntruptRegs
00007100   _AdcRegs
00007750   _ScibRegs
00007770   _ScicRegs
00007900   _I2caRegs
00008000   ___cinit__
00008000   cinit
00008085   _InitFlash
000080a0   _DSP28x_usDelay
00009000   .text
00009000   ___text__
00009025   _main
00009140   _delay_ms
0000917b   _Gpio_select
0000918d   _correct_beep
00009192   _wrong_beep
000091a5   _ReadFromKB
000091e1   _PushButtonRead
00009206   _ConfigAndInstallKBInt
00009259   _LCD_Control
00009268   _LCD_Enable
00009277   _LCD_Blink
00009286   _LCD_WriteData
00009293   _LCD_Backlight
00009299   _LCD_Putc
000092b2   _LCD_Print
000092c7   _LCD_Clear
000092dd   _LCD_Init
00009300   _LCD_Home
00009316   _LCD_OnOff
00009338   _LCD_GoTo
00009355   _LCD_PrintLine
00009368   _INT13_ISR
00009372   _INT14_ISR
0000937c   _DATALOG_ISR
00009386   _RTOSINT_ISR
00009390   _EMUINT_ISR
0000939a   _NMI_ISR
000093a4   _ILLEGAL_ISR
000093ae   _USER1_ISR
000093b8   _USER2_ISR
000093c2   _USER3_ISR
000093cc   _USER4_ISR
000093d6   _USER5_ISR
000093e0   _USER6_ISR
000093ea   _USER7_ISR
000093f4   _USER8_ISR
000093fe   _USER9_ISR
00009408   _USER10_ISR
00009412   _USER11_ISR
0000941c   _USER12_ISR
00009426   _SEQ1INT_ISR
00009430   _SEQ2INT_ISR
0000943a   _XINT1_ISR
00009444   _XINT2_ISR
0000944e   _ADCINT_ISR
00009458   _TINT0_ISR
00009462   _WAKEINT_ISR
0000946c   _EPWM1_TZINT_ISR
00009476   _EPWM2_TZINT_ISR
00009480   _EPWM3_TZINT_ISR
0000948a   _EPWM4_TZINT_ISR
00009494   _EPWM5_TZINT_ISR
0000949e   _EPWM6_TZINT_ISR
000094a8   _EPWM1_INT_ISR
000094b2   _EPWM2_INT_ISR
000094bc   _EPWM3_INT_ISR
000094c6   _EPWM4_INT_ISR
000094d0   _EPWM5_INT_ISR
000094da   _EPWM6_INT_ISR
000094e4   _ECAP1_INT_ISR
000094ee   _ECAP2_INT_ISR
000094f8   _ECAP3_INT_ISR
00009502   _ECAP4_INT_ISR
0000950c   _ECAP5_INT_ISR
00009516   _ECAP6_INT_ISR
00009520   _EQEP1_INT_ISR
0000952a   _EQEP2_INT_ISR
00009534   _SPIRXINTA_ISR
0000953e   _SPITXINTA_ISR
00009548   _MRINTB_ISR
00009552   _MXINTB_ISR
0000955c   _MRINTA_ISR
00009566   _MXINTA_ISR
00009570   _DINTCH1_ISR
0000957a   _DINTCH2_ISR
00009584   _DINTCH3_ISR
0000958e   _DINTCH4_ISR
00009598   _DINTCH5_ISR
000095a2   _DINTCH6_ISR
000095ac   _I2CINT1A_ISR
000095b6   _I2CINT2A_ISR
000095c0   _SCIRXINTC_ISR
000095ca   _SCITXINTC_ISR
000095d4   _SCIRXINTA_ISR
000095de   _SCITXINTA_ISR
000095e8   _SCIRXINTB_ISR
000095f2   _SCITXINTB_ISR
000095fc   _ECAN0INTA_ISR
00009606   _ECAN1INTA_ISR
00009610   _ECAN0INTB_ISR
0000961a   _ECAN1INTB_ISR
00009624   _XINT3_ISR
0000962e   _XINT4_ISR
00009638   _XINT5_ISR
00009642   _XINT6_ISR
0000964c   _XINT7_ISR
00009656   _LVF_ISR
00009660   _LUF_ISR
0000966a   _PIE_RESERVED
00009674   _rsvd_ISR
0000967e   _InitSysCtrl
00009687   _ServiceDog
00009691   _DisableDog
00009699   _InitPll
000096e5   _InitPeripheralClocks
00009740   _CsmUnlock
00009771   FD$$ADD
0000980d   FD$$DIV
00009898   FD$$MPY
0000991b   _InitCpuTimers
0000995c   _ConfigCpuTimer
00009997   _cpu_timer0_isr
000099ad   _Xint3456_isr
000099ec   _c_int00
00009a32   _InitPieCtrl
00009a51   _EnableInterrupts
00009a5a   I$$DIV
00009a6b   I$$MOD
00009a7c   _InitPieVectTable
00009a9c   I$$TOFD
00009ab9   FD$$TOUL
00009ad4   __args_main
00009aed   C$$EXIT
00009aed   _abort
00009aef   _exit
00009b06   FD$$SUB
00009b14   __register_unlock
00009b18   __register_lock
00009b1c   __nop
00009b25   ___etext__
00009b25   etext
0000c000   _temp
0000c005   _welcome
0000c040   _KBCyclicBuffer
0000c0c0   _string_array
0000c104   _CpuTimer1
0000c10c   _CpuTimer2
0000c114   _CpuTimer0
0000c11c   __unlock
0000c11e   __lock
0000c120   __cleanup_ptr
0000c122   __dtors_ptr
0000d000   _PieVectTableInit
0033fff8   _CsmPwl
00380080   _ADC_cal
00380090   _PartIdRegs
ffffffff   ___binit__
ffffffff   ___c_args__
ffffffff   ___pinit__
ffffffff   binit
ffffffff   pinit

[210 symbols]
